// Vitest Snapshot v1, https://vitest.dev/guide/snapshot.html

exports[`genMarkdownTable > should work 1`] = `
"| |A | B | C | D | E|
|--- |--- |--- |--- |--- |---|
| 1 | 单元格(0,0) |  |  |  | |
| 2 |  |  |  |  | |
| 3 |  |  | 单元格(2,2) |  | |
| 4 |  |  |  |  | |
| 5 |  |  |  |  | 单元格(4,4)|
"
`;

exports[`parseSheet > should work 1`] = `
"
## Sheet1

| |A | B | C | D | E | F | G | H | I|
|--- |--- |--- |--- |--- |--- |--- |--- |--- |---|
| 1 | 1 |  |  |  |  |  |  |  | |
| 2 |  |  |  | GSSSAPPAP |  |  |  |  | |
| 3 |  |  |  |  |  |  |  |  | |
| 4 |  | 12 |  |  |  |  |  |  | |
| 5 |  |  |  | 123 |  |  |  |  | |
| 6 |  |  |  |  |  |  |  |  | |
| 7 |  |  |  |  |  |  |  |  | |
| 8 |  |  |  |  |  |  |  |  | |
| 9 |  |  |  |  |  |  |  |  | |
| 10 |  |  |  |  |  |  |  |  | |
| 11 |  |  |  |  |  |  |  |  | |
| 12 |  |  |  |  |  |  |  |  | |
| 13 |  |  |  |  |  |  | 234 |  | |
| 14 |  |  |  |  |  |  |  |  | 32423|

## Sheet2

| |A | B | C | D | E | F | G | H|
|--- |--- |--- |--- |--- |--- |--- |--- |---|
| 1 | s |  |  | [x]  | 1 |  |  | |
| 2 |  |  |  | [baidu](https://www.baidu.com) | 13,21321 |  |  | |
| 3 |  | 34 |  | ![2x-00037-3212833155.png'](https://cdn.nlark.com/yuque/0/2024/png/222293/1708363936708-7bde50a5-19d5-4c43-8654-3c5ab2e58e16.png) |  |  |  | |
| 4 |  | 34 |  | ![2x-00037-3212833155.png'](https://cdn.nlark.com/yuque/0/2024/png/222293/1708363936708-7bde50a5-19d5-4c43-8654-3c5ab2e58e16.png) |  |  |  | |

## Sheet3

"
`;
